../Src/vl53l0x/vl53l0x_api_calibration.c:54:15:VL53L0X_perform_xtalk_calibration	104	static
../Src/vl53l0x/vl53l0x_api_calibration.c:193:15:VL53L0X_perform_offset_calibration	80	static
../Src/vl53l0x/vl53l0x_api_calibration.c:292:15:VL53L0X_set_offset_calibration_data_micro_meter	40	static
../Src/vl53l0x/vl53l0x_api_calibration.c:329:15:VL53L0X_get_offset_calibration_data_micro_meter	24	static
../Src/vl53l0x/vl53l0x_api_calibration.c:361:15:VL53L0X_apply_offset_adjustment	32	static
../Src/vl53l0x/vl53l0x_api_calibration.c:401:6:get_next_good_spad	48	static
../Src/vl53l0x/vl53l0x_api_calibration.c:450:9:is_aperture	24	static
../Src/vl53l0x/vl53l0x_api_calibration.c:466:15:enable_spad_bit	40	static
../Src/vl53l0x/vl53l0x_api_calibration.c:484:15:count_enabled_spads	56	static
../Src/vl53l0x/vl53l0x_api_calibration.c:542:15:set_ref_spad_map	24	static
../Src/vl53l0x/vl53l0x_api_calibration.c:550:15:get_ref_spad_map	24	static
../Src/vl53l0x/vl53l0x_api_calibration.c:559:15:enable_ref_spads	56	static
../Src/vl53l0x/vl53l0x_api_calibration.c:632:15:perform_ref_signal_measurement	48	static
../Src/vl53l0x/vl53l0x_api_calibration.c:679:15:VL53L0X_perform_ref_spad_management	128	static
../Src/vl53l0x/vl53l0x_api_calibration.c:946:15:VL53L0X_set_reference_spads	88	static
../Src/vl53l0x/vl53l0x_api_calibration.c:1013:15:VL53L0X_get_reference_spads	64	static
../Src/vl53l0x/vl53l0x_api_calibration.c:1068:15:VL53L0X_perform_single_ref_calibration	24	static
../Src/vl53l0x/vl53l0x_api_calibration.c:1091:15:VL53L0X_ref_calibration_io	24	static
../Src/vl53l0x/vl53l0x_api_calibration.c:1126:15:VL53L0X_perform_vhv_calibration	48	static
../Src/vl53l0x/vl53l0x_api_calibration.c:1171:15:VL53L0X_perform_phase_calibration	48	static
../Src/vl53l0x/vl53l0x_api_calibration.c:1216:15:VL53L0X_perform_ref_calibration	32	static
../Src/vl53l0x/vl53l0x_api_calibration.c:1251:15:VL53L0X_set_ref_calibration	40	static
../Src/vl53l0x/vl53l0x_api_calibration.c:1266:15:VL53L0X_get_ref_calibration	48	static
