../Src/vl53l0x/vl53l0x_i2c_platform.c:108:8:_check_min_version	16	static
../Src/vl53l0x/vl53l0x_i2c_platform.c:117:9:VL53L0X_comms_initialise	24	static
../Src/vl53l0x/vl53l0x_i2c_platform.c:124:9:VL53L0X_comms_close	16	static
../Src/vl53l0x/vl53l0x_i2c_platform.c:132:9:VL53L0X_set_page	40	static
../Src/vl53l0x/vl53l0x_i2c_platform.c:149:9:VL53L0X_write_multi	40	static
../Src/vl53l0x/vl53l0x_i2c_platform.c:180:9:VL53L0X_read_multi	40	static
../Src/vl53l0x/vl53l0x_i2c_platform.c:221:9:VL53L0X_write_byte	24	static
../Src/vl53l0x/vl53l0x_i2c_platform.c:233:9:VL53L0X_write_word	24	static
../Src/vl53l0x/vl53l0x_i2c_platform.c:251:9:VL53L0X_write_dword	32	static
../Src/vl53l0x/vl53l0x_i2c_platform.c:270:9:VL53L0X_read_byte	32	static
../Src/vl53l0x/vl53l0x_i2c_platform.c:283:9:VL53L0X_read_word	32	static
../Src/vl53l0x/vl53l0x_i2c_platform.c:296:9:VL53L0X_read_dword	32	static
../Src/vl53l0x/vl53l0x_i2c_platform.c:310:9:VL53L0X_platform_wait_us	24	static
../Src/vl53l0x/vl53l0x_i2c_platform.c:325:9:VL53L0X_wait_ms	24	static
../Src/vl53l0x/vl53l0x_i2c_platform.c:340:9:VL53L0X_set_gpio	24	static
../Src/vl53l0x/vl53l0x_i2c_platform.c:352:9:VL53L0X_get_gpio	24	static
../Src/vl53l0x/vl53l0x_i2c_platform.c:362:9:VL53L0X_release_gpio	16	static
../Src/vl53l0x/vl53l0x_i2c_platform.c:372:9:VL53L0X_cycle_power	16	static
../Src/vl53l0x/vl53l0x_i2c_platform.c:383:9:VL53L0X_get_timer_frequency	16	static
../Src/vl53l0x/vl53l0x_i2c_platform.c:390:9:VL53L0X_get_timer_value	16	static
